// Jest Snapshot v1, https://goo.gl/fbAQLP

exports[`matches snapshot 1`] = `
<DocumentFragment>
  <div
    class="Card"
  >
    <h4
      class="Card-title"
    >
      testCaption
    </h4>
    <img
      alt="testCaption"
      class="Card-image"
      src="test1.com"
    />
    <small
      class="Card-small"
    >
      Image 1 of 1.
    </small>
  </div>
</DocumentFragment>
`;
